[rtp-a6.polapasar123.co/index.html]
[backblue.gif]
[fade.gif]
[index.html]
[rtp-a6.polapasar123.co/css/bootstrap.min.css]
[rtp-a6.polapasar123.co/css/responsive.css]
[cdn.lineicons.com/4.0/lineicons.css]
[cdnjs.cloudflare.com/ajax/libs/animate.css/4.1.1/animate.min.css]
[rtp-a6.polapasar123.co/cdn.jsdelivr.net/npm/swiper@9/swiper-bundle.min.css]
[rtp-a6.polapasar123.co/css/rtp-dark9bf8.css]
[cdn.rbtasset.com/assets/tpl/7f83adce4a/images/logo-final.gif]
[rtp-a6.polapasar123.co/banner/banner1-pasar123.webp]
[rtp-a6.polapasar123.co/banner/banner2-pasar123.webp]
[rtp-a6.polapasar123.co/banner/banner3-pasar123.webp]
[rtp-a6.polapasar123.co/pragmatic.html]
[rtp-a6.polapasar123.co/images/icons/pp.png]
[rtp-a6.polapasar123.co/images/icons/pg.png]
[rtp-a6.polapasar123.co/pgsoft.html]
[rtp-a6.polapasar123.co/nolimit.html]
[rtp-a6.polapasar123.co/images/icons/nolimit.png]
[rtp-a6.polapasar123.co/habanero.html]
[rtp-a6.polapasar123.co/images/icons/hb.png]
[rtp-a6.polapasar123.co/images/icons/spad.png]
[rtp-a6.polapasar123.co/spadegaming.html]
[rtp-a6.polapasar123.co/toptrend.html]
[rtp-a6.polapasar123.co/images/icons/tg.png]
[rtp-a6.polapasar123.co/microgaming.html]
[rtp-a6.polapasar123.co/images/icons/mg.png]
[rtp-a6.polapasar123.co/images/loading.svg]
[rtp-a6.polapasar123.co/index-2.html]
[rtp-a6.polapasar123.co/js/jquery-3.7.0.min.js]
[rtp-a6.polapasar123.co/js/jquery.lazy.min.js]
[rtp-a6.polapasar123.co/js/bootstrap.min.js]
[rtp-a6.polapasar123.co/cdn.jsdelivr.net/npm/swiper@9/swiper-bundle.min.js]
[rtp-a6.polapasar123.co/index.html]
[rtp-a6.polapasar123.co/css/bootstrap.min.css]
[rtp-a6.polapasar123.co/css/responsive.css]
[rtp-a6.polapasar123.co/js/rtp.js]
[cdn.lineicons.com/4.0/fonts/lineicons.woff2]
[cdn.lineicons.com/4.0/fonts/lineicons.eot]
[cdn.lineicons.com/4.0/fonts/lineicons.woff]
[cdn.lineicons.com/4.0/fonts/lineicons.ttf]
[cdn.lineicons.com/4.0/lineicons.css]
[cdnjs.cloudflare.com/ajax/libs/animate.css/4.1.1/animate.min.css]
[rtp-a6.polapasar123.co/cdn.jsdelivr.net/npm/swiper@9/swiper-bundle.min.css]
[rtp-a6.polapasar123.co/images/top.gif]
[cdn.lineicons.com/4.0/fonts/lineicons.svg]
[rtp-a6.polapasar123.co/images/hot.gif]
[rtp-a6.polapasar123.co/css/rtp-dark9bf8.css]
[rtp-a6.polapasar123.co/css/rtp-darkd61c.css]
[rtp-a6.polapasar123.co/pragmatic.html]
[rtp-a6.polapasar123.co/pgsoft.html]
[rtp-a6.polapasar123.co/nolimit.html]
[rtp-a6.polapasar123.co/habanero.html]
[rtp-a6.polapasar123.co/spadegaming.html]
[rtp-a6.polapasar123.co/toptrend.html]
[rtp-a6.polapasar123.co/css/rtp-dark.css]
[rtp-a6.polapasar123.co/microgaming.html]
[rtp-a6.polapasar123.co/images/loading.svg]
[rtp-a6.polapasar123.co/index-2.html]
[cdn.lineicons.com/4.0/fonts/lineicons.svg]
[rtp-a6.polapasar123.co/css/rtp-darkd61c.css]
[rtp-a6.polapasar123.co/css/rtp-dark.css]
